// Jest Snapshot v1, https://goo.gl/fbAQLP

exports[`SearchBar should render and match snapshot 1`] = `
"<div class=\\"search-bar ui segment\\">
  <form class=\\"ui form\\">
    <div class=\\"field\\"><label>Retrieve GitHub Issues</label><input type=\\"text\\" placeholder=\\"facebook/react\\" value=\\"microsoft/vscode\\"></div>
  </form>
</div>"
`;
